// Jest Snapshot v1, https://goo.gl/fbAQLP

exports[`renders AnalogClockHours 1`] = `
[
  <View
    pointerEvents="none"
    style={
      [
        {
          "alignItems": "center",
          "borderRadius": 24,
          "height": 48,
          "justifyContent": "center",
          "marginLeft": -24,
          "marginTop": -24,
          "position": "absolute",
          "width": 48,
          "zIndex": 20,
        },
        {
          "left": 179,
          "top": 39,
        },
      ]
    }
  >
    <View
      style={
        {
          "borderRadius": 24,
        }
      }
    >
      <Text
        maxFontSizeMultiplier={1.5}
        selectable={false}
        style={
          [
            {
              "textAlign": "left",
            },
            {
              "color": "rgba(28, 27, 31, 1)",
              "writingDirection": "ltr",
            },
            [
              {
                "fontFamily": "System",
                "fontSize": 16,
                "fontWeight": "400",
                "letterSpacing": 0.15,
                "lineHeight": 24,
              },
              null,
            ],
          ]
        }
      >
        1
      </Text>
    </View>
  </View>,
  <View
    pointerEvents="none"
    style={
      [
        {
          "alignItems": "center",
          "borderRadius": 24,
          "height": 48,
          "justifyContent": "center",
          "marginLeft": -24,
          "marginTop": -24,
          "position": "absolute",
          "width": 48,
          "zIndex": 20,
        },
        {
          "left": 217,
          "top": 77,
        },
      ]
    }
  >
    <View
      style={
        {
          "borderRadius": 24,
        }
      }
    >
      <Text
        maxFontSizeMultiplier={1.5}
        selectable={false}
        style={
          [
            {
              "textAlign": "left",
            },
            {
              "color": "rgba(28, 27, 31, 1)",
              "writingDirection": "ltr",
            },
            [
              {
                "fontFamily": "System",
                "fontSize": 16,
                "fontWeight": "400",
                "letterSpacing": 0.15,
                "lineHeight": 24,
              },
              null,
            ],
          ]
        }
      >
        2
      </Text>
    </View>
  </View>,
  <View
    pointerEvents="none"
    style={
      [
        {
          "alignItems": "center",
          "borderRadius": 24,
          "height": 48,
          "justifyContent": "center",
          "marginLeft": -24,
          "marginTop": -24,
          "position": "absolute",
          "width": 48,
          "zIndex": 20,
        },
        {
          "left": 230,
          "top": 128,
        },
      ]
    }
  >
    <View
      style={
        {
          "borderRadius": 24,
        }
      }
    >
      <Text
        maxFontSizeMultiplier={1.5}
        selectable={false}
        style={
          [
            {
              "textAlign": "left",
            },
            {
              "color": "rgba(28, 27, 31, 1)",
              "writingDirection": "ltr",
            },
            [
              {
                "fontFamily": "System",
                "fontSize": 16,
                "fontWeight": "400",
                "letterSpacing": 0.15,
                "lineHeight": 24,
              },
              null,
            ],
          ]
        }
      >
        3
      </Text>
    </View>
  </View>,
  <View
    pointerEvents="none"
    style={
      [
        {
          "alignItems": "center",
          "borderRadius": 24,
          "height": 48,
          "justifyContent": "center",
          "marginLeft": -24,
          "marginTop": -24,
          "position": "absolute",
          "width": 48,
          "zIndex": 20,
        },
        {
          "left": 217,
          "top": 179,
        },
      ]
    }
  >
    <View
      style={
        {
          "borderRadius": 24,
        }
      }
    >
      <Text
        maxFontSizeMultiplier={1.5}
        selectable={false}
        style={
          [
            {
              "textAlign": "left",
            },
            {
              "color": "rgba(28, 27, 31, 1)",
              "writingDirection": "ltr",
            },
            [
              {
                "fontFamily": "System",
                "fontSize": 16,
                "fontWeight": "400",
                "letterSpacing": 0.15,
                "lineHeight": 24,
              },
              null,
            ],
          ]
        }
      >
        4
      </Text>
    </View>
  </View>,
  <View
    pointerEvents="none"
    style={
      [
        {
          "alignItems": "center",
          "borderRadius": 24,
          "height": 48,
          "justifyContent": "center",
          "marginLeft": -24,
          "marginTop": -24,
          "position": "absolute",
          "width": 48,
          "zIndex": 20,
        },
        {
          "left": 179,
          "top": 217,
        },
      ]
    }
  >
    <View
      style={
        {
          "borderRadius": 24,
        }
      }
    >
      <Text
        maxFontSizeMultiplier={1.5}
        selectable={false}
        style={
          [
            {
              "textAlign": "left",
            },
            {
              "color": "rgba(28, 27, 31, 1)",
              "writingDirection": "ltr",
            },
            [
              {
                "fontFamily": "System",
                "fontSize": 16,
                "fontWeight": "400",
                "letterSpacing": 0.15,
                "lineHeight": 24,
              },
              null,
            ],
          ]
        }
      >
        5
      </Text>
    </View>
  </View>,
  <View
    pointerEvents="none"
    style={
      [
        {
          "alignItems": "center",
          "borderRadius": 24,
          "height": 48,
          "justifyContent": "center",
          "marginLeft": -24,
          "marginTop": -24,
          "position": "absolute",
          "width": 48,
          "zIndex": 20,
        },
        {
          "left": 128,
          "top": 230,
        },
      ]
    }
  >
    <View
      style={
        {
          "borderRadius": 24,
        }
      }
    >
      <Text
        maxFontSizeMultiplier={1.5}
        selectable={false}
        style={
          [
            {
              "textAlign": "left",
            },
            {
              "color": "rgba(28, 27, 31, 1)",
              "writingDirection": "ltr",
            },
            [
              {
                "fontFamily": "System",
                "fontSize": 16,
                "fontWeight": "400",
                "letterSpacing": 0.15,
                "lineHeight": 24,
              },
              null,
            ],
          ]
        }
      >
        6
      </Text>
    </View>
  </View>,
  <View
    pointerEvents="none"
    style={
      [
        {
          "alignItems": "center",
          "borderRadius": 24,
          "height": 48,
          "justifyContent": "center",
          "marginLeft": -24,
          "marginTop": -24,
          "position": "absolute",
          "width": 48,
          "zIndex": 20,
        },
        {
          "left": 77,
          "top": 217,
        },
      ]
    }
  >
    <View
      style={
        {
          "borderRadius": 24,
        }
      }
    >
      <Text
        maxFontSizeMultiplier={1.5}
        selectable={false}
        style={
          [
            {
              "textAlign": "left",
            },
            {
              "color": "rgba(28, 27, 31, 1)",
              "writingDirection": "ltr",
            },
            [
              {
                "fontFamily": "System",
                "fontSize": 16,
                "fontWeight": "400",
                "letterSpacing": 0.15,
                "lineHeight": 24,
              },
              null,
            ],
          ]
        }
      >
        7
      </Text>
    </View>
  </View>,
  <View
    pointerEvents="none"
    style={
      [
        {
          "alignItems": "center",
          "borderRadius": 24,
          "height": 48,
          "justifyContent": "center",
          "marginLeft": -24,
          "marginTop": -24,
          "position": "absolute",
          "width": 48,
          "zIndex": 20,
        },
        {
          "left": 39,
          "top": 179,
        },
      ]
    }
  >
    <View
      style={
        {
          "borderRadius": 24,
        }
      }
    >
      <Text
        maxFontSizeMultiplier={1.5}
        selectable={false}
        style={
          [
            {
              "textAlign": "left",
            },
            {
              "color": "rgba(28, 27, 31, 1)",
              "writingDirection": "ltr",
            },
            [
              {
                "fontFamily": "System",
                "fontSize": 16,
                "fontWeight": "400",
                "letterSpacing": 0.15,
                "lineHeight": 24,
              },
              null,
            ],
          ]
        }
      >
        8
      </Text>
    </View>
  </View>,
  <View
    pointerEvents="none"
    style={
      [
        {
          "alignItems": "center",
          "borderRadius": 24,
          "height": 48,
          "justifyContent": "center",
          "marginLeft": -24,
          "marginTop": -24,
          "position": "absolute",
          "width": 48,
          "zIndex": 20,
        },
        {
          "left": 26,
          "top": 128,
        },
      ]
    }
  >
    <View
      style={
        {
          "borderRadius": 24,
        }
      }
    >
      <Text
        maxFontSizeMultiplier={1.5}
        selectable={false}
        style={
          [
            {
              "textAlign": "left",
            },
            {
              "color": "rgba(28, 27, 31, 1)",
              "writingDirection": "ltr",
            },
            [
              {
                "fontFamily": "System",
                "fontSize": 16,
                "fontWeight": "400",
                "letterSpacing": 0.15,
                "lineHeight": 24,
              },
              null,
            ],
          ]
        }
      >
        9
      </Text>
    </View>
  </View>,
  <View
    pointerEvents="none"
    style={
      [
        {
          "alignItems": "center",
          "borderRadius": 24,
          "height": 48,
          "justifyContent": "center",
          "marginLeft": -24,
          "marginTop": -24,
          "position": "absolute",
          "width": 48,
          "zIndex": 20,
        },
        {
          "left": 39,
          "top": 77,
        },
      ]
    }
  >
    <View
      style={
        {
          "borderRadius": 24,
        }
      }
    >
      <Text
        maxFontSizeMultiplier={1.5}
        selectable={false}
        style={
          [
            {
              "textAlign": "left",
            },
            {
              "color": "rgba(28, 27, 31, 1)",
              "writingDirection": "ltr",
            },
            [
              {
                "fontFamily": "System",
                "fontSize": 16,
                "fontWeight": "400",
                "letterSpacing": 0.15,
                "lineHeight": 24,
              },
              null,
            ],
          ]
        }
      >
        10
      </Text>
    </View>
  </View>,
  <View
    pointerEvents="none"
    style={
      [
        {
          "alignItems": "center",
          "borderRadius": 24,
          "height": 48,
          "justifyContent": "center",
          "marginLeft": -24,
          "marginTop": -24,
          "position": "absolute",
          "width": 48,
          "zIndex": 20,
        },
        {
          "left": 77,
          "top": 39,
        },
      ]
    }
  >
    <View
      style={
        {
          "borderRadius": 24,
        }
      }
    >
      <Text
        maxFontSizeMultiplier={1.5}
        selectable={false}
        style={
          [
            {
              "textAlign": "left",
            },
            {
              "color": "rgba(28, 27, 31, 1)",
              "writingDirection": "ltr",
            },
            [
              {
                "fontFamily": "System",
                "fontSize": 16,
                "fontWeight": "400",
                "letterSpacing": 0.15,
                "lineHeight": 24,
              },
              null,
            ],
          ]
        }
      >
        11
      </Text>
    </View>
  </View>,
  <View
    pointerEvents="none"
    style={
      [
        {
          "alignItems": "center",
          "borderRadius": 24,
          "height": 48,
          "justifyContent": "center",
          "marginLeft": -24,
          "marginTop": -24,
          "position": "absolute",
          "width": 48,
          "zIndex": 20,
        },
        {
          "left": 128,
          "top": 26,
        },
      ]
    }
  >
    <View
      style={
        {
          "borderRadius": 24,
        }
      }
    >
      <Text
        maxFontSizeMultiplier={1.5}
        selectable={false}
        style={
          [
            {
              "textAlign": "left",
            },
            {
              "color": "rgba(28, 27, 31, 1)",
              "writingDirection": "ltr",
            },
            [
              {
                "fontFamily": "System",
                "fontSize": 16,
                "fontWeight": "400",
                "letterSpacing": 0.15,
                "lineHeight": 24,
              },
              {
                "color": "rgba(255, 255, 255, 1)",
              },
            ],
          ]
        }
      >
        12
      </Text>
    </View>
  </View>,
  <View
    pointerEvents="none"
    style={
      [
        {
          "alignItems": "center",
          "borderRadius": 24,
          "height": 48,
          "justifyContent": "center",
          "marginLeft": -24,
          "marginTop": -24,
          "position": "absolute",
          "width": 48,
          "zIndex": 20,
        },
        {
          "left": 165,
          "top": 65,
        },
      ]
    }
  >
    <View
      style={
        {
          "borderRadius": 24,
        }
      }
    >
      <Text
        maxFontSizeMultiplier={1.5}
        selectable={false}
        style={
          [
            {
              "textAlign": "left",
            },
            {
              "color": "rgba(28, 27, 31, 1)",
              "writingDirection": "ltr",
            },
            [
              {
                "fontFamily": "System",
                "fontSize": 16,
                "fontWeight": "400",
                "letterSpacing": 0.15,
                "lineHeight": 24,
              },
              [
                null,
              ],
            ],
          ]
        }
      >
        13
      </Text>
    </View>
  </View>,
  <View
    pointerEvents="none"
    style={
      [
        {
          "alignItems": "center",
          "borderRadius": 24,
          "height": 48,
          "justifyContent": "center",
          "marginLeft": -24,
          "marginTop": -24,
          "position": "absolute",
          "width": 48,
          "zIndex": 20,
        },
        {
          "left": 191,
          "top": 91,
        },
      ]
    }
  >
    <View
      style={
        {
          "borderRadius": 24,
        }
      }
    >
      <Text
        maxFontSizeMultiplier={1.5}
        selectable={false}
        style={
          [
            {
              "textAlign": "left",
            },
            {
              "color": "rgba(28, 27, 31, 1)",
              "writingDirection": "ltr",
            },
            [
              {
                "fontFamily": "System",
                "fontSize": 16,
                "fontWeight": "400",
                "letterSpacing": 0.15,
                "lineHeight": 24,
              },
              [
                null,
              ],
            ],
          ]
        }
      >
        14
      </Text>
    </View>
  </View>,
  <View
    pointerEvents="none"
    style={
      [
        {
          "alignItems": "center",
          "borderRadius": 24,
          "height": 48,
          "justifyContent": "center",
          "marginLeft": -24,
          "marginTop": -24,
          "position": "absolute",
          "width": 48,
          "zIndex": 20,
        },
        {
          "left": 201,
          "top": 128,
        },
      ]
    }
  >
    <View
      style={
        {
          "borderRadius": 24,
        }
      }
    >
      <Text
        maxFontSizeMultiplier={1.5}
        selectable={false}
        style={
          [
            {
              "textAlign": "left",
            },
            {
              "color": "rgba(28, 27, 31, 1)",
              "writingDirection": "ltr",
            },
            [
              {
                "fontFamily": "System",
                "fontSize": 16,
                "fontWeight": "400",
                "letterSpacing": 0.15,
                "lineHeight": 24,
              },
              [
                null,
              ],
            ],
          ]
        }
      >
        15
      </Text>
    </View>
  </View>,
  <View
    pointerEvents="none"
    style={
      [
        {
          "alignItems": "center",
          "borderRadius": 24,
          "height": 48,
          "justifyContent": "center",
          "marginLeft": -24,
          "marginTop": -24,
          "position": "absolute",
          "width": 48,
          "zIndex": 20,
        },
        {
          "left": 191,
          "top": 165,
        },
      ]
    }
  >
    <View
      style={
        {
          "borderRadius": 24,
        }
      }
    >
      <Text
        maxFontSizeMultiplier={1.5}
        selectable={false}
        style={
          [
            {
              "textAlign": "left",
            },
            {
              "color": "rgba(28, 27, 31, 1)",
              "writingDirection": "ltr",
            },
            [
              {
                "fontFamily": "System",
                "fontSize": 16,
                "fontWeight": "400",
                "letterSpacing": 0.15,
                "lineHeight": 24,
              },
              [
                null,
              ],
            ],
          ]
        }
      >
        16
      </Text>
    </View>
  </View>,
  <View
    pointerEvents="none"
    style={
      [
        {
          "alignItems": "center",
          "borderRadius": 24,
          "height": 48,
          "justifyContent": "center",
          "marginLeft": -24,
          "marginTop": -24,
          "position": "absolute",
          "width": 48,
          "zIndex": 20,
        },
        {
          "left": 165,
          "top": 191,
        },
      ]
    }
  >
    <View
      style={
        {
          "borderRadius": 24,
        }
      }
    >
      <Text
        maxFontSizeMultiplier={1.5}
        selectable={false}
        style={
          [
            {
              "textAlign": "left",
            },
            {
              "color": "rgba(28, 27, 31, 1)",
              "writingDirection": "ltr",
            },
            [
              {
                "fontFamily": "System",
                "fontSize": 16,
                "fontWeight": "400",
                "letterSpacing": 0.15,
                "lineHeight": 24,
              },
              [
                null,
              ],
            ],
          ]
        }
      >
        17
      </Text>
    </View>
  </View>,
  <View
    pointerEvents="none"
    style={
      [
        {
          "alignItems": "center",
          "borderRadius": 24,
          "height": 48,
          "justifyContent": "center",
          "marginLeft": -24,
          "marginTop": -24,
          "position": "absolute",
          "width": 48,
          "zIndex": 20,
        },
        {
          "left": 128,
          "top": 201,
        },
      ]
    }
  >
    <View
      style={
        {
          "borderRadius": 24,
        }
      }
    >
      <Text
        maxFontSizeMultiplier={1.5}
        selectable={false}
        style={
          [
            {
              "textAlign": "left",
            },
            {
              "color": "rgba(28, 27, 31, 1)",
              "writingDirection": "ltr",
            },
            [
              {
                "fontFamily": "System",
                "fontSize": 16,
                "fontWeight": "400",
                "letterSpacing": 0.15,
                "lineHeight": 24,
              },
              [
                null,
              ],
            ],
          ]
        }
      >
        18
      </Text>
    </View>
  </View>,
  <View
    pointerEvents="none"
    style={
      [
        {
          "alignItems": "center",
          "borderRadius": 24,
          "height": 48,
          "justifyContent": "center",
          "marginLeft": -24,
          "marginTop": -24,
          "position": "absolute",
          "width": 48,
          "zIndex": 20,
        },
        {
          "left": 91,
          "top": 191,
        },
      ]
    }
  >
    <View
      style={
        {
          "borderRadius": 24,
        }
      }
    >
      <Text
        maxFontSizeMultiplier={1.5}
        selectable={false}
        style={
          [
            {
              "textAlign": "left",
            },
            {
              "color": "rgba(28, 27, 31, 1)",
              "writingDirection": "ltr",
            },
            [
              {
                "fontFamily": "System",
                "fontSize": 16,
                "fontWeight": "400",
                "letterSpacing": 0.15,
                "lineHeight": 24,
              },
              [
                null,
              ],
            ],
          ]
        }
      >
        19
      </Text>
    </View>
  </View>,
  <View
    pointerEvents="none"
    style={
      [
        {
          "alignItems": "center",
          "borderRadius": 24,
          "height": 48,
          "justifyContent": "center",
          "marginLeft": -24,
          "marginTop": -24,
          "position": "absolute",
          "width": 48,
          "zIndex": 20,
        },
        {
          "left": 65,
          "top": 165,
        },
      ]
    }
  >
    <View
      style={
        {
          "borderRadius": 24,
        }
      }
    >
      <Text
        maxFontSizeMultiplier={1.5}
        selectable={false}
        style={
          [
            {
              "textAlign": "left",
            },
            {
              "color": "rgba(28, 27, 31, 1)",
              "writingDirection": "ltr",
            },
            [
              {
                "fontFamily": "System",
                "fontSize": 16,
                "fontWeight": "400",
                "letterSpacing": 0.15,
                "lineHeight": 24,
              },
              [
                null,
              ],
            ],
          ]
        }
      >
        20
      </Text>
    </View>
  </View>,
  <View
    pointerEvents="none"
    style={
      [
        {
          "alignItems": "center",
          "borderRadius": 24,
          "height": 48,
          "justifyContent": "center",
          "marginLeft": -24,
          "marginTop": -24,
          "position": "absolute",
          "width": 48,
          "zIndex": 20,
        },
        {
          "left": 55,
          "top": 128,
        },
      ]
    }
  >
    <View
      style={
        {
          "borderRadius": 24,
        }
      }
    >
      <Text
        maxFontSizeMultiplier={1.5}
        selectable={false}
        style={
          [
            {
              "textAlign": "left",
            },
            {
              "color": "rgba(28, 27, 31, 1)",
              "writingDirection": "ltr",
            },
            [
              {
                "fontFamily": "System",
                "fontSize": 16,
                "fontWeight": "400",
                "letterSpacing": 0.15,
                "lineHeight": 24,
              },
              [
                null,
              ],
            ],
          ]
        }
      >
        21
      </Text>
    </View>
  </View>,
  <View
    pointerEvents="none"
    style={
      [
        {
          "alignItems": "center",
          "borderRadius": 24,
          "height": 48,
          "justifyContent": "center",
          "marginLeft": -24,
          "marginTop": -24,
          "position": "absolute",
          "width": 48,
          "zIndex": 20,
        },
        {
          "left": 65,
          "top": 91,
        },
      ]
    }
  >
    <View
      style={
        {
          "borderRadius": 24,
        }
      }
    >
      <Text
        maxFontSizeMultiplier={1.5}
        selectable={false}
        style={
          [
            {
              "textAlign": "left",
            },
            {
              "color": "rgba(28, 27, 31, 1)",
              "writingDirection": "ltr",
            },
            [
              {
                "fontFamily": "System",
                "fontSize": 16,
                "fontWeight": "400",
                "letterSpacing": 0.15,
                "lineHeight": 24,
              },
              [
                null,
              ],
            ],
          ]
        }
      >
        22
      </Text>
    </View>
  </View>,
  <View
    pointerEvents="none"
    style={
      [
        {
          "alignItems": "center",
          "borderRadius": 24,
          "height": 48,
          "justifyContent": "center",
          "marginLeft": -24,
          "marginTop": -24,
          "position": "absolute",
          "width": 48,
          "zIndex": 20,
        },
        {
          "left": 91,
          "top": 65,
        },
      ]
    }
  >
    <View
      style={
        {
          "borderRadius": 24,
        }
      }
    >
      <Text
        maxFontSizeMultiplier={1.5}
        selectable={false}
        style={
          [
            {
              "textAlign": "left",
            },
            {
              "color": "rgba(28, 27, 31, 1)",
              "writingDirection": "ltr",
            },
            [
              {
                "fontFamily": "System",
                "fontSize": 16,
                "fontWeight": "400",
                "letterSpacing": 0.15,
                "lineHeight": 24,
              },
              [
                null,
              ],
            ],
          ]
        }
      >
        23
      </Text>
    </View>
  </View>,
  <View
    pointerEvents="none"
    style={
      [
        {
          "alignItems": "center",
          "borderRadius": 24,
          "height": 48,
          "justifyContent": "center",
          "marginLeft": -24,
          "marginTop": -24,
          "position": "absolute",
          "width": 48,
          "zIndex": 20,
        },
        {
          "left": 128,
          "top": 55,
        },
      ]
    }
  >
    <View
      style={
        {
          "borderRadius": 24,
        }
      }
    >
      <Text
        maxFontSizeMultiplier={1.5}
        selectable={false}
        style={
          [
            {
              "textAlign": "left",
            },
            {
              "color": "rgba(28, 27, 31, 1)",
              "writingDirection": "ltr",
            },
            [
              {
                "fontFamily": "System",
                "fontSize": 16,
                "fontWeight": "400",
                "letterSpacing": 0.15,
                "lineHeight": 24,
              },
              [
                null,
              ],
            ],
          ]
        }
      >
        24
      </Text>
    </View>
  </View>,
]
`;
