// Jest Snapshot v1, https://goo.gl/fbAQLP

exports[`renders TimeInput 1`] = `
<View
  style={
    {
      "height": 100,
      "position": "relative",
      "width": 150,
    }
  }
>
  <TextInput
    keyboardAppearance="default"
    keyboardType="number-pad"
    maxFontSizeMultiplier={1.5}
    maxLength={2}
    onBlur={[Function]}
    onChangeText={[Function]}
    onFocus={[Function]}
    style={
      [
        {
          "marginHorizontal": "auto",
          "textAlign": "center",
          "textAlignVertical": "center",
        },
        {
          "backgroundColor": "rgba(232, 222, 248, 1)",
          "borderColor": "rgba(33, 0, 93, 1)",
          "borderRadius": 12,
          "borderWidth": 2,
          "color": "rgba(33, 0, 93, 1)",
          "fontFamily": "System",
          "fontSize": 48,
          "marginTop": 5,
          "paddingBottom": 12,
          "paddingTop": 6,
          "width": 116,
        },
      ]
    }
    value="12"
  />
</View>
`;
